// Jest Snapshot v1, https://goo.gl/fbAQLP

exports[`<Filter /> correctly renders 1`] = `ShallowWrapper {}`;
