// Jest Snapshot v1, https://goo.gl/fbAQLP

exports[`<Loading /> correctly renders 1`] = `ShallowWrapper {}`;
