// Jest Snapshot v1, https://goo.gl/fbAQLP

exports[`<Gnomes /> correctly renders 1`] = `ShallowWrapper {}`;
