// Jest Snapshot v1, https://goo.gl/fbAQLP

exports[`<FriendList /> correctly renders 1`] = `ShallowWrapper {}`;
