// Jest Snapshot v1, https://goo.gl/fbAQLP

exports[`<Gnome /> correctly renders 1`] = `ShallowWrapper {}`;
