// Jest Snapshot v1, https://goo.gl/fbAQLP

exports[`<Navigation /> correctly renders 1`] = `ShallowWrapper {}`;
